python : 2026-04-01 
21:31:14,206 [INFO] 
app.api.endpoints: Running 
deforestation risk for 
(-3.4653, -62.2159)
At line:1 char:1
+ python test_pipeline.py 
> test_output.txt 2>&1; 
Get-Content test_outp ...
+ ~~~~~~~~~~~~~~~~~~~~~~~~~
~~~~~~~~~~~~~~~~~~~~~
    + CategoryInfo         
     : NotSpecified: (202  
  6-04-01 21:3...4653, -   
 62.2159):String) [], R    
emoteException
    + FullyQualifiedErrorI 
   d : NativeCommandError
 
2026-04-01 21:31:28,376 
[INFO] app.api.endpoints: 
Deforestation result: 
{'metric_name': 
'Deforestation Risk', 
'score': 0.0, 'error': 
"Cannot pick a common CRS, 
since asset 'B04' of item 
0 'S2C_MSIL2A_20260208T1427
11_R053_T20MNB_20260208T171
011' does not have 
one.\n\nPlease specify a 
CRS with the `epsg=` 
argument.", 'status': 
'failed'}
2026-04-01 21:31:28,377 
[INFO] app.api.endpoints: 
Running water stress proxy 
for (-3.4653, -62.2159)
2026-04-01 21:31:32,914 
[INFO] app.api.endpoints: 
Water stress result: 
{'metric_name': 'Water 
Stress Proxy', 'score': 
0.0, 'error': "Cannot pick 
a common CRS, since asset 
'B03' of item 0 'S2C_MSIL2A
_20260208T142711_R053_T20MN
B_20260208T171011' does 
not have one.\n\nPlease 
specify a CRS with the 
`epsg=` argument.", 
'status': 'failed'}
2026-04-01 21:31:32,914 
[INFO] app.api.endpoints: 
Running UHI for (-3.4653, 
-62.2159)
2026-04-01 21:31:40,723 
[INFO] app.api.endpoints: 
UHI result: 
{'metric_name': 'Urban 
Heat Island Intensity', 
'score': 0.0, 'error': 
'LST calculation failed ù 
facility: out_bounds=None, 
rural: out_bounds=None', 
'status': 'failed'}
2026-04-01 21:31:40,723 
[INFO] app.api.endpoints: 
Final ESG response: 
{'deforestation_risk': 
0.0, 'water_stress_proxy': 
0.0, 'heat_island_index': 
0.0}
2026-04-01 21:31:48,872 
[INFO] app.api.endpoints: 
Running deforestation risk 
for (45.1481, 59.5756)
2026-04-01 21:31:52,359 
[INFO] app.api.endpoints: 
Deforestation result: 
{'metric_name': 
'Deforestation Risk', 
'score': 0.0, 'error': 
"Cannot pick a common CRS, 
since asset 'B04' of item 
0 'S2C_MSIL2A_20260311T0657
11_R063_T40TGR_20260311T123
910' does not have 
one.\n\nPlease specify a 
CRS with the `epsg=` 
argument.", 'status': 
'failed'}
2026-04-01 21:31:52,360 
[INFO] app.api.endpoints: 
Running water stress proxy 
for (45.1481, 59.5756)
2026-04-01 21:31:55,931 
[INFO] app.api.endpoints: 
Water stress result: 
{'metric_name': 'Water 
Stress Proxy', 'score': 
0.0, 'error': "Cannot pick 
a common CRS, since asset 
'B03' of item 0 'S2C_MSIL2A
_20260311T065711_R063_T40TG
R_20260311T123910' does 
not have one.\n\nPlease 
specify a CRS with the 
`epsg=` argument.", 
'status': 'failed'}
2026-04-01 21:31:55,932 
[INFO] app.api.endpoints: 
Running UHI for (45.1481, 
59.5756)
2026-04-01 21:31:59,769 
[INFO] app.api.endpoints: 
UHI result: 
{'metric_name': 'Urban 
Heat Island Intensity', 
'score': 0.0, 'error': 
'LST calculation failed ù 
facility: out_bounds=None, 
rural: out_bounds=None', 
'status': 'failed'}
2026-04-01 21:31:59,770 
[INFO] app.api.endpoints: 
Final ESG response: 
{'deforestation_risk': 
0.0, 'water_stress_proxy': 
0.0, 'heat_island_index': 
0.0}
2026-04-01 21:32:07,939 
[INFO] app.api.endpoints: 
Running deforestation risk 
for (35.6762, 139.6503)
2026-04-01 21:32:11,733 
[INFO] app.api.endpoints: 
Deforestation result: 
{'metric_name': 
'Deforestation Risk', 
'score': 0.0, 'error': 
"Cannot pick a common CRS, 
since asset 'B04' of item 
0 'S2C_MSIL2A_20260131T0129
01_R074_T54SUE_20260131T042
808' does not have 
one.\n\nPlease specify a 
CRS with the `epsg=` 
argument.", 'status': 
'failed'}
2026-04-01 21:32:11,734 
[INFO] app.api.endpoints: 
Running water stress proxy 
for (35.6762, 139.6503)
2026-04-01 21:32:15,547 
[INFO] app.api.endpoints: 
Water stress result: 
{'metric_name': 'Water 
Stress Proxy', 'score': 
0.0, 'error': "Cannot pick 
a common CRS, since asset 
'B03' of item 0 'S2C_MSIL2A
_20260131T012901_R074_T54SU
E_20260131T042808' does 
not have one.\n\nPlease 
specify a CRS with the 
`epsg=` argument.", 
'status': 'failed'}
2026-04-01 21:32:15,547 
[INFO] app.api.endpoints: 
Running UHI for (35.6762, 
139.6503)
2026-04-01 21:32:22,283 
[INFO] app.api.endpoints: 
UHI result: 
{'metric_name': 'Urban 
Heat Island Intensity', 
'score': 0.0, 'error': 
'LST calculation failed ù 
facility: out_bounds=None, 
rural: out_bounds=None', 
'status': 'failed'}
2026-04-01 21:32:22,283 
[INFO] app.api.endpoints: 
Final ESG response: 
{'deforestation_risk': 
0.0, 'water_stress_proxy': 
0.0, 'heat_island_index': 
0.0}

--- Testing NovaRisk ESG Pipeline ---

============================================================
Analyzing Amazon Rainforest (-3.4653, -62.2159)...
============================================================
Redis cache Read Error: Error 10061 connecting to localhost:6379. No connection could be made because the target machine actively refused it.
Redis cache Write Error: Error 10061 connecting to localhost:6379. No connection could be made because the target machine actively refused it.

Result for Amazon Rainforest:
  Deforestation Risk : 0.0
  Water Stress Proxy : 0.0
  UHI Index          : 0.0

============================================================
Analyzing Aral Sea (45.1481, 59.5756)...
============================================================
Redis cache Read Error: Error 10061 connecting to localhost:6379. No connection could be made because the target machine actively refused it.
Redis cache Write Error: Error 10061 connecting to localhost:6379. No connection could be made because the target machine actively refused it.

Result for Aral Sea:
  Deforestation Risk : 0.0
  Water Stress Proxy : 0.0
  UHI Index          : 0.0

============================================================
Analyzing Tokyo (35.6762, 139.6503)...
============================================================
Redis cache Read Error: Error 10061 connecting to localhost:6379. No connection could be made because the target machine actively refused it.
Redis cache Write Error: Error 10061 connecting to localhost:6379. No connection could be made because the target machine actively refused it.

Result for Tokyo:
  Deforestation Risk : 0.0
  Water Stress Proxy : 0.0
  UHI Index          : 0.0

--- Done ---
